(node:12052) ExperimentalWarning: SQLite is an experimental feature and might change at any time
(Use `node --trace-warnings ...` to show where the warning was created)

  Swabha Financial Control System
  ──────────────────────────────────────────────
  On this computer :  http://localhost:4040
  On the office LAN:  http://192.168.1.12:4040

(node:12074) ExperimentalWarning: SQLite is an experimental feature and might change at any time
(Use `node --trace-warnings ...` to show where the warning was created)

  Swabha Financial Control System
  ──────────────────────────────────────────────
  On this computer :  http://localhost:4040
  On the office LAN:  http://192.168.1.12:4040

(node:12130) ExperimentalWarning: SQLite is an experimental feature and might change at any time
(Use `node --trace-warnings ...` to show where the warning was created)

  Swabha Financial Control System
  ──────────────────────────────────────────────
  On this computer :  http://localhost:4040
  On the office LAN:  http://192.168.1.12:4040

(node:12172) ExperimentalWarning: SQLite is an experimental feature and might change at any time
(Use `node --trace-warnings ...` to show where the warning was created)

  Swabha Financial Control System
  ──────────────────────────────────────────────
  On this computer :  http://localhost:4040
  On the office LAN:  http://192.168.1.12:4040

  First run — open the link above to create your admin login.

(node:12272) ExperimentalWarning: SQLite is an experimental feature and might change at any time
(Use `node --trace-warnings ...` to show where the warning was created)

  Swabha Financial Control System
  ──────────────────────────────────────────────
  On this computer :  http://localhost:4040
  On the office LAN:  http://192.168.1.12:4040

  First run — open the link above to create your admin login.

(node:12290) ExperimentalWarning: SQLite is an experimental feature and might change at any time
(Use `node --trace-warnings ...` to show where the warning was created)

  Swabha Financial Control System
  ──────────────────────────────────────────────
  On this computer :  http://localhost:4040
  On the office LAN:  http://192.168.1.12:4040

  First run — open the link above to create your admin login.

(node:12339) ExperimentalWarning: SQLite is an experimental feature and might change at any time
(Use `node --trace-warnings ...` to show where the warning was created)

  Swabha Financial Control System
  ──────────────────────────────────────────────
  On this computer :  http://localhost:4040
  On the office LAN:  http://192.168.1.12:4040

  First run — open the link above to create your admin login.

(node:12365) ExperimentalWarning: SQLite is an experimental feature and might change at any time
(Use `node --trace-warnings ...` to show where the warning was created)

  Swabha Financial Control System
  ──────────────────────────────────────────────
  On this computer :  http://localhost:4040
  On the office LAN:  http://192.168.1.12:4040

  First run — open the link above to create your admin login.

(node:12488) ExperimentalWarning: SQLite is an experimental feature and might change at any time
(Use `node --trace-warnings ...` to show where the warning was created)

  Swabha Financial Control System
  ──────────────────────────────────────────────
  On this computer :  http://localhost:4040
  On the office LAN:  http://192.168.1.12:4040

  First run — open the link above to create your admin login.

(node:12552) ExperimentalWarning: SQLite is an experimental feature and might change at any time
(Use `node --trace-warnings ...` to show where the warning was created)

  Swabha Financial Control System
  ──────────────────────────────────────────────
  On this computer :  http://localhost:4040
  On the office LAN:  http://192.168.1.12:4040

  First run — open the link above to create your admin login.

(node:12574) ExperimentalWarning: SQLite is an experimental feature and might change at any time
(Use `node --trace-warnings ...` to show where the warning was created)

  Swabha Financial Control System
  ──────────────────────────────────────────────
  On this computer :  http://localhost:4040
  On the office LAN:  http://192.168.1.12:4040

  First run — open the link above to create your admin login.

(node:13428) ExperimentalWarning: SQLite is an experimental feature and might change at any time
(Use `node --trace-warnings ...` to show where the warning was created)

  Swabha Financial Control System
  ──────────────────────────────────────────────
  On this computer :  http://localhost:4040
  On the office LAN:  http://192.168.1.12:4040

(node:13506) ExperimentalWarning: SQLite is an experimental feature and might change at any time
(Use `node --trace-warnings ...` to show where the warning was created)

  Swabha Financial Control System
  ──────────────────────────────────────────────
  On this computer :  http://localhost:4040
  On the office LAN:  http://192.168.1.12:4040

  First run — open the link above to create your admin login.

(node:13541) ExperimentalWarning: SQLite is an experimental feature and might change at any time
(Use `node --trace-warnings ...` to show where the warning was created)

  Swabha Financial Control System
  ──────────────────────────────────────────────
  On this computer :  http://localhost:4040
  On the office LAN:  http://192.168.1.12:4040

  First run — open the link above to create your admin login.

(node:13628) ExperimentalWarning: SQLite is an experimental feature and might change at any time
(Use `node --trace-warnings ...` to show where the warning was created)

  Swabha Financial Control System
  ──────────────────────────────────────────────
  On this computer :  http://localhost:4040
  On the office LAN:  http://192.168.1.12:4040

  First run — open the link above to create your admin login.

(node:13722) ExperimentalWarning: SQLite is an experimental feature and might change at any time
(Use `node --trace-warnings ...` to show where the warning was created)

  Swabha Financial Control System
  ──────────────────────────────────────────────
  On this computer :  http://localhost:4040
  On the office LAN:  http://192.168.1.12:4040

  First run — open the link above to create your admin login.

(node:13790) ExperimentalWarning: SQLite is an experimental feature and might change at any time
(Use `node --trace-warnings ...` to show where the warning was created)

  Swabha Financial Control System
  ──────────────────────────────────────────────
  On this computer :  http://localhost:4040
  On the office LAN:  http://192.168.1.12:4040

  First run — open the link above to create your admin login.

(node:13810) ExperimentalWarning: SQLite is an experimental feature and might change at any time
(Use `node --trace-warnings ...` to show where the warning was created)

  Swabha Financial Control System
  ──────────────────────────────────────────────
  On this computer :  http://localhost:4040
  On the office LAN:  http://192.168.1.12:4040

  First run — open the link above to create your admin login.

(node:13990) ExperimentalWarning: SQLite is an experimental feature and might change at any time
(Use `node --trace-warnings ...` to show where the warning was created)

  Swabha Financial Control System
  ──────────────────────────────────────────────
  On this computer :  http://localhost:4040
  On the office LAN:  http://192.168.1.12:4040

  First run — open the link above to create your admin login.

(node:14010) ExperimentalWarning: SQLite is an experimental feature and might change at any time
(Use `node --trace-warnings ...` to show where the warning was created)

  Swabha Financial Control System
  ──────────────────────────────────────────────
  On this computer :  http://localhost:4040
  On the office LAN:  http://192.168.1.12:4040

  First run — open the link above to create your admin login.

(node:14058) ExperimentalWarning: SQLite is an experimental feature and might change at any time
(Use `node --trace-warnings ...` to show where the warning was created)

  Swabha Financial Control System
  ──────────────────────────────────────────────
  On this computer :  http://localhost:4040
  On the office LAN:  http://192.168.1.12:4040

  First run — open the link above to create your admin login.

(node:14140) ExperimentalWarning: SQLite is an experimental feature and might change at any time
(Use `node --trace-warnings ...` to show where the warning was created)

  Swabha Financial Control System
  ──────────────────────────────────────────────
  On this computer :  http://localhost:4040
  On the office LAN:  http://192.168.1.12:4040

  First run — open the link above to create your admin login.

(node:14259) ExperimentalWarning: SQLite is an experimental feature and might change at any time
(Use `node --trace-warnings ...` to show where the warning was created)

  Swabha Financial Control System
  ──────────────────────────────────────────────
  On this computer :  http://localhost:4040
  On the office LAN:  http://192.168.1.12:4040

(node:14284) ExperimentalWarning: SQLite is an experimental feature and might change at any time
(Use `node --trace-warnings ...` to show where the warning was created)

  Swabha Financial Control System
  ──────────────────────────────────────────────
  On this computer :  http://localhost:4040
  On the office LAN:  http://192.168.1.12:4040

  First run — open the link above to create your admin login.

(node:14370) ExperimentalWarning: SQLite is an experimental feature and might change at any time
(Use `node --trace-warnings ...` to show where the warning was created)

  Swabha Financial Control System
  ──────────────────────────────────────────────
  On this computer :  http://localhost:4040
  On the office LAN:  http://192.168.1.12:4040

(node:14409) ExperimentalWarning: SQLite is an experimental feature and might change at any time
(Use `node --trace-warnings ...` to show where the warning was created)

  Swabha Financial Control System
  ──────────────────────────────────────────────
  On this computer :  http://localhost:4040
  On the office LAN:  http://192.168.1.12:4040

(node:14426) ExperimentalWarning: SQLite is an experimental feature and might change at any time
(Use `node --trace-warnings ...` to show where the warning was created)

  Swabha Financial Control System
  ──────────────────────────────────────────────
  On this computer :  http://localhost:4040
  On the office LAN:  http://192.168.1.12:4040

(node:15168) ExperimentalWarning: SQLite is an experimental feature and might change at any time
(Use `node --trace-warnings ...` to show where the warning was created)

  Swabha Financial Control System
  ──────────────────────────────────────────────
  On this computer :  http://localhost:4040
  On the office LAN:  http://192.168.1.12:4040

(node:15476) ExperimentalWarning: SQLite is an experimental feature and might change at any time
(Use `node --trace-warnings ...` to show where the warning was created)

  Swabha Financial Control System
  ──────────────────────────────────────────────
  On this computer :  http://localhost:4040
  On the office LAN:  http://192.168.1.12:4040

(node:15618) ExperimentalWarning: SQLite is an experimental feature and might change at any time
(Use `node --trace-warnings ...` to show where the warning was created)

  Swabha Financial Control System
  ──────────────────────────────────────────────
  On this computer :  http://localhost:4040
  On the office LAN:  http://192.168.1.12:4040

(node:15821) ExperimentalWarning: SQLite is an experimental feature and might change at any time
(Use `node --trace-warnings ...` to show where the warning was created)

  Swabha Financial Control System
  ──────────────────────────────────────────────
  On this computer :  http://localhost:4040
  On the office LAN:  http://192.168.1.12:4040

(node:16285) ExperimentalWarning: SQLite is an experimental feature and might change at any time
(Use `node --trace-warnings ...` to show where the warning was created)

  Swabha Financial Control System
  ──────────────────────────────────────────────
  On this computer :  http://localhost:4040
  On the office LAN:  http://192.168.1.12:4040

(node:16348) ExperimentalWarning: SQLite is an experimental feature and might change at any time
(Use `node --trace-warnings ...` to show where the warning was created)

  Swabha Financial Control System
  ──────────────────────────────────────────────
  On this computer :  http://localhost:4040
  On the office LAN:  http://192.168.1.12:4040

(node:16450) ExperimentalWarning: SQLite is an experimental feature and might change at any time
(Use `node --trace-warnings ...` to show where the warning was created)

  Swabha Financial Control System
  ──────────────────────────────────────────────
  On this computer :  http://localhost:4040
  On the office LAN:  http://192.168.1.12:4040

(node:16737) ExperimentalWarning: SQLite is an experimental feature and might change at any time
(Use `node --trace-warnings ...` to show where the warning was created)

  Swabha Financial Control System
  ──────────────────────────────────────────────
  On this computer :  http://localhost:4040
  On the office LAN:  http://192.168.1.12:4040

(node:18247) ExperimentalWarning: SQLite is an experimental feature and might change at any time
(Use `node --trace-warnings ...` to show where the warning was created)

  Swabha Financial Control System
  ──────────────────────────────────────────────
  On this computer :  http://localhost:4040
  On the office LAN:  http://192.168.1.12:4040

(node:18353) ExperimentalWarning: SQLite is an experimental feature and might change at any time
(Use `node --trace-warnings ...` to show where the warning was created)

  Swabha Financial Control System
  ──────────────────────────────────────────────
  On this computer :  http://localhost:4040
  On the office LAN:  http://192.168.1.12:4040

(node:18445) ExperimentalWarning: SQLite is an experimental feature and might change at any time
(Use `node --trace-warnings ...` to show where the warning was created)

  Swabha Financial Control System
  ──────────────────────────────────────────────
  On this computer :  http://localhost:4040
  On the office LAN:  http://192.168.1.12:4040

(node:18468) ExperimentalWarning: SQLite is an experimental feature and might change at any time
(Use `node --trace-warnings ...` to show where the warning was created)

  Swabha Financial Control System
  ──────────────────────────────────────────────
  On this computer :  http://localhost:4040
  On the office LAN:  http://192.168.1.12:4040

(node:18554) ExperimentalWarning: SQLite is an experimental feature and might change at any time
(Use `node --trace-warnings ...` to show where the warning was created)

  Swabha Financial Control System
  ──────────────────────────────────────────────
  On this computer :  http://localhost:4040
  On the office LAN:  http://192.168.1.12:4040

(node:59778) ExperimentalWarning: SQLite is an experimental feature and might change at any time
(Use `node --trace-warnings ...` to show where the warning was created)

  Swabha Financial Control System
  ──────────────────────────────────────────────
  On this computer :  http://localhost:4040
  On the office LAN:  http://192.168.1.12:4040

(node:59791) ExperimentalWarning: SQLite is an experimental feature and might change at any time
(Use `node --trace-warnings ...` to show where the warning was created)

  Swabha Financial Control System
  ──────────────────────────────────────────────
  On this computer :  http://localhost:4040
  On the office LAN:  http://192.168.1.12:4040

(node:59811) ExperimentalWarning: SQLite is an experimental feature and might change at any time
(Use `node --trace-warnings ...` to show where the warning was created)

  Swabha Financial Control System
  ──────────────────────────────────────────────
  On this computer :  http://localhost:4040
  On the office LAN:  http://192.168.1.12:4040

(node:59890) ExperimentalWarning: SQLite is an experimental feature and might change at any time
(Use `node --trace-warnings ...` to show where the warning was created)

  Swabha Financial Control System
  ──────────────────────────────────────────────
  On this computer :  http://localhost:4040
  On the office LAN:  http://192.168.1.12:4040

(node:60262) ExperimentalWarning: SQLite is an experimental feature and might change at any time
(Use `node --trace-warnings ...` to show where the warning was created)

  Swabha Financial Control System
  ──────────────────────────────────────────────
  On this computer :  http://localhost:4040
  On the office LAN:  http://192.168.1.12:4040

(node:72302) ExperimentalWarning: SQLite is an experimental feature and might change at any time
(Use `node --trace-warnings ...` to show where the warning was created)

  Swabha Financial Control System
  ──────────────────────────────────────────────
  On this computer :  http://localhost:4040
  On the office LAN:  http://192.168.1.12:4040

(node:72408) ExperimentalWarning: SQLite is an experimental feature and might change at any time
(Use `node --trace-warnings ...` to show where the warning was created)

  Swabha Financial Control System
  ──────────────────────────────────────────────
  On this computer :  http://localhost:4040
  On the office LAN:  http://192.168.1.12:4040

(node:72584) ExperimentalWarning: SQLite is an experimental feature and might change at any time
(Use `node --trace-warnings ...` to show where the warning was created)

  Swabha Financial Control System
  ──────────────────────────────────────────────
  On this computer :  http://localhost:4040
  On the office LAN:  http://192.168.1.12:4040

(node:72599) ExperimentalWarning: SQLite is an experimental feature and might change at any time
(Use `node --trace-warnings ...` to show where the warning was created)

  Swabha Financial Control System
  ──────────────────────────────────────────────
  On this computer :  http://localhost:4040
  On the office LAN:  http://192.168.1.12:4040

(node:72685) ExperimentalWarning: SQLite is an experimental feature and might change at any time
(Use `node --trace-warnings ...` to show where the warning was created)

  Swabha Financial Control System
  ──────────────────────────────────────────────
  On this computer :  http://localhost:4040
  On the office LAN:  http://192.168.1.12:4040

(node:72739) ExperimentalWarning: SQLite is an experimental feature and might change at any time
(Use `node --trace-warnings ...` to show where the warning was created)

  Swabha Financial Control System
  ──────────────────────────────────────────────
  On this computer :  http://localhost:4040
  On the office LAN:  http://192.168.1.12:4040

(node:72753) ExperimentalWarning: SQLite is an experimental feature and might change at any time
(Use `node --trace-warnings ...` to show where the warning was created)

  Swabha Financial Control System
  ──────────────────────────────────────────────
  On this computer :  http://localhost:4040
  On the office LAN:  http://192.168.1.12:4040

(node:72779) ExperimentalWarning: SQLite is an experimental feature and might change at any time
(Use `node --trace-warnings ...` to show where the warning was created)

  Swabha Financial Control System
  ──────────────────────────────────────────────
  On this computer :  http://localhost:4040
  On the office LAN:  http://192.168.1.12:4040

